热感哨兵本地站点：http://127.0.0.1:4173/user-app.html （系统端 .../mobile-app.html）
  手机端可访问：http://10.244.118.41:4173/user-app.html
本地大模型代理：/ai/*  →  http://127.0.0.1:11434/v1
局域网事件中继：/sync/*  （手机连现场热点后打开 http://<本机局域网IP>:4173/ 即可互通，不需要互联网）
扫码加入页（评委手机扫码进用户端）：http://127.0.0.1:4173/join
在页面「AI 指挥」里把端点填成 /ai/v1 即可，断网也能用。

现场演示：手机扫下面这个二维码即可进入用户端（需与演示电脑在同一网络）
[47m[30m ▄▄▄▄▄▄▄    ▄▄▄▄ ▄▄    ▄▄▄▄▄▄▄ [0m
[47m[30m █ ▄▄▄ █ ▀ █▄█▄█▀▄▀▀██ █ ▄▄▄ █ [0m
[47m[30m █ ███ █ ▄█ ▄▄▀█▀▄█▀▀▄ █ ███ █ [0m
[47m[30m █▄▄▄▄▄█ ▄▀█▀█▀▄▀█▀█▀█ █▄▄▄▄▄█ [0m
[47m[30m ▄ ▄ ▄ ▄   █▄▀▀█▄   █▄   ▄  ▄  [0m
[47m[30m ▄▀ █▀█▄▄ █▄ ▄▄▀▀▀ ███▀█▄█▀▄▄█ [0m
[47m[30m ▀▀▀ ▄▄▄▀▄  ▀█  ▄ ▀▀ ▄█▄ █▀ █▄ [0m
[47m[30m ▀▄▀▄█ ▄▄▀ ▄▄ ▀▄▀  ▀█▄▄ █ ▀▄▄█ [0m
[47m[30m █▄▀█▀█▄▀▀▄█▀█▀██▀ ▄ ██▄ ▀█▀█▄ [0m
[47m[30m ▄ █▄  ▄  ▀▄▀█▄▀▀▄▄▄▀▄██▀▄▄ ▄█ [0m
[47m[30m ▄▀   ▄▄▀▀█▄▄   ▄ ▀▀▀▄█▄██ ▀▀  [0m
[47m[30m ▄▄▄▄▄▄▄ ▀█▀▀▀▀▄█  █▀█ ▄ █▄ ██ [0m
[47m[30m █ ▄▄▄ █ ▄▀▄▄▀▀█▄▄▀ ▄█▄▄▄█▄▀█▄ [0m
[47m[30m █ ███ █ ▄ ▀▄ ██▀▄ ▀▄▀▀█▀▀▀ ▀▄ [0m
[47m[30m █▄▄▄▄▄█ ▄█  ▄▄▄█▀▀▄▀▀▄▄▀▄▀▄█▄ [0m
[47m[30m[0m[37m▀[47m[30m[0m[37m▀[47m[30m[0m[37m▀[47m[30m[0m[37m▀[47m[30m[0m[37m▀[47m[30m[0m[37m▀[47m[30m[0m[37m▀[47m[30m[0m[37m▀[47m[30m[0m[37m▀[47m[30m[0m[37m▀[47m[30m[0m[37m▀[47m[30m[0m[37m▀[47m[30m[0m[37m▀[47m[30m[0m[37m▀[47m[30m[0m[37m▀[47m[30m[0m[37m▀[47m[30m[0m[37m▀[47m[30m[0m[37m▀[47m[30m[0m[37m▀[47m[30m[0m[37m▀[47m[30m[0m[37m▀[47m[30m[0m[37m▀[47m[30m[0m[37m▀[47m[30m[0m[37m▀[47m[30m[0m[37m▀[47m[30m[0m[37m▀[47m[30m[0m[37m▀[47m[30m[0m[37m▀[47m[30m[0m[37m▀[47m[30m[0m[37m▀[47m[30m[0m[37m▀[47m[30m[0m
[47m[30m[0m
